<?xml version="1.0" encoding="utf-8"?>
<?AutomationStudio Version="4.5.2.102"?>
<Objects>
  <Object
    Path="C:\Users\admin\Desktop\kvbo-04-21\prak1\Logical\Package.pkg"
    LogicalPath=""
    Type="Package.ParentUnknown"
    LastWriteTime="132893287142145660" />
  <Object
    Path="C:\Users\admin\Desktop\kvbo-04-21\prak1\Logical\Global.typ"
    LogicalPath="Global.typ"
    Type="File"
    LastWriteTime="132893215336186937"
    Private="false" />
  <Object
    Path="C:\Users\admin\Desktop\kvbo-04-21\prak1\Logical\Global.var"
    LogicalPath="Global.var"
    Type="File"
    LastWriteTime="132893290849572332"
    Private="false" />
  <Object
    Path="C:\Users\admin\Desktop\kvbo-04-21\prak1\Logical\Libraries\Package.pkg"
    LogicalPath="Libraries"
    Type="Package"
    LastWriteTime="132893237217605408" />
  <Object
    Path="C:\Users\admin\Desktop\kvbo-04-21\prak1\Logical\Libraries\operator\binary.lby"
    LogicalPath="Libraries.operator"
    Type="Library"
    LastWriteTime="132893215343145533" />
  <Object
    Path="C:\Users\admin\Desktop\kvbo-04-21\prak1\Logical\Libraries\operator\operator.fun"
    LogicalPath="Libraries.operator.operator.fun"
    Type="File"
    LastWriteTime="132893215342989284"
    Private="false" />
  <Object
    Path="C:\Users\admin\Desktop\kvbo-04-21\prak1\Logical\Libraries\operator\operator.typ"
    LogicalPath="Libraries.operator.operator.typ"
    Type="File"
    LastWriteTime="132893215343145533"
    Private="false" />
  <Object
    Path="C:\Users\admin\Desktop\kvbo-04-21\prak1\Logical\Libraries\operator\operator.var"
    LogicalPath="Libraries.operator.operator.var"
    Type="File"
    LastWriteTime="132893215343145533"
    Private="false" />
  <Object
    Path="C:\Users\admin\Desktop\kvbo-04-21\prak1\Logical\Libraries\runtime\binary.lby"
    LogicalPath="Libraries.runtime"
    Type="Library"
    LastWriteTime="132893215346820368" />
  <Object
    Path="C:\Users\admin\Desktop\kvbo-04-21\prak1\Logical\Libraries\runtime\runtime.fun"
    LogicalPath="Libraries.runtime.runtime.fun"
    Type="File"
    LastWriteTime="132893215346800233"
    Private="false" />
  <Object
    Path="C:\Users\admin\Desktop\kvbo-04-21\prak1\Logical\Libraries\runtime\runtime.typ"
    LogicalPath="Libraries.runtime.runtime.typ"
    Type="File"
    LastWriteTime="132893215346820368"
    Private="false" />
  <Object
    Path="C:\Users\admin\Desktop\kvbo-04-21\prak1\Logical\Libraries\runtime\runtime.var"
    LogicalPath="Libraries.runtime.runtime.var"
    Type="File"
    LastWriteTime="132893215346820368"
    Private="false" />
  <Object
    Path="C:\Users\admin\Desktop\kvbo-04-21\prak1\Logical\Libraries\astime\binary.lby"
    LogicalPath="Libraries.astime"
    Type="Library"
    LastWriteTime="132893215350016772" />
  <Object
    Path="C:\Users\admin\Desktop\kvbo-04-21\prak1\Logical\Libraries\astime\astime.fun"
    LogicalPath="Libraries.astime.astime.fun"
    Type="File"
    LastWriteTime="132893215349936443"
    Private="false" />
  <Object
    Path="C:\Users\admin\Desktop\kvbo-04-21\prak1\Logical\Libraries\astime\astime.typ"
    LogicalPath="Libraries.astime.astime.typ"
    Type="File"
    LastWriteTime="132893215349936443"
    Private="false" />
  <Object
    Path="C:\Users\admin\Desktop\kvbo-04-21\prak1\Logical\Libraries\astime\astime.var"
    LogicalPath="Libraries.astime.astime.var"
    Type="File"
    LastWriteTime="132893215350016772"
    Private="false" />
  <Object
    Path="C:\Users\admin\Desktop\kvbo-04-21\prak1\Logical\Libraries\AsIecCon\binary.lby"
    LogicalPath="Libraries.AsIecCon"
    Type="Library"
    LastWriteTime="132893215352746870" />
  <Object
    Path="C:\Users\admin\Desktop\kvbo-04-21\prak1\Logical\Libraries\AsIecCon\AsIecCon.fun"
    LogicalPath="Libraries.AsIecCon.AsIecCon.fun"
    Type="File"
    LastWriteTime="132893215352746870"
    Private="false" />
  <Object
    Path="C:\Users\admin\Desktop\kvbo-04-21\prak1\Logical\Libraries\AsIecCon\AsIecCon.typ"
    LogicalPath="Libraries.AsIecCon.AsIecCon.typ"
    Type="File"
    LastWriteTime="132893215352746870"
    Private="false" />
  <Object
    Path="C:\Users\admin\Desktop\kvbo-04-21\prak1\Logical\Libraries\AsIecCon\AsIecCon.var"
    LogicalPath="Libraries.AsIecCon.AsIecCon.var"
    Type="File"
    LastWriteTime="132893215352746870"
    Private="false" />
  <Object
    Path="C:\Users\admin\Desktop\kvbo-04-21\prak1\Logical\Libraries\Acp10man\Binary.lby"
    LogicalPath="Libraries.Acp10man"
    Type="Library"
    LastWriteTime="132893237084098199" />
  <Object
    Path="C:\Users\admin\Desktop\kvbo-04-21\prak1\Logical\Libraries\Acp10man\Acp10man.typ"
    LogicalPath="Libraries.Acp10man.Acp10man.typ"
    Type="File"
    LastWriteTime="132893237084098199"
    Private="false" />
  <Object
    Path="C:\Users\admin\Desktop\kvbo-04-21\prak1\Logical\Libraries\Acp10par\Binary.lby"
    LogicalPath="Libraries.Acp10par"
    Type="Library"
    LastWriteTime="132893237084566558" />
  <Object
    Path="C:\Users\admin\Desktop\kvbo-04-21\prak1\Logical\Libraries\Acp10par\Acp10par.var"
    LogicalPath="Libraries.Acp10par.Acp10par.var"
    Type="File"
    LastWriteTime="132893237084566558"
    Private="false" />
  <Object
    Path="C:\Users\admin\Desktop\kvbo-04-21\prak1\Logical\Libraries\NcGlobal\Binary.lby"
    LogicalPath="Libraries.NcGlobal"
    Type="Library"
    LastWriteTime="132893237085100339" />
  <Object
    Path="C:\Users\admin\Desktop\kvbo-04-21\prak1\Logical\Libraries\NcGlobal\NcGlobal.fun"
    LogicalPath="Libraries.NcGlobal.NcGlobal.fun"
    Type="File"
    LastWriteTime="132893237084944057"
    Private="false" />
  <Object
    Path="C:\Users\admin\Desktop\kvbo-04-21\prak1\Logical\Libraries\NcGlobal\NcGlobal.typ"
    LogicalPath="Libraries.NcGlobal.NcGlobal.typ"
    Type="File"
    LastWriteTime="132893237084944057"
    Private="false" />
  <Object
    Path="C:\Users\admin\Desktop\kvbo-04-21\prak1\Logical\Libraries\NcGlobal\NcGlobal.var"
    LogicalPath="Libraries.NcGlobal.NcGlobal.var"
    Type="File"
    LastWriteTime="132893237085100339"
    Private="false" />
  <Object
    Path="C:\Users\admin\Desktop\kvbo-04-21\prak1\Logical\Libraries\Acp10sdc\binary.lby"
    LogicalPath="Libraries.Acp10sdc"
    Type="Library"
    LastWriteTime="132893237208269882" />
  <Object
    Path="C:\Users\admin\Desktop\kvbo-04-21\prak1\Logical\Libraries\Acp10sdc\acp10sdc.var"
    LogicalPath="Libraries.Acp10sdc.acp10sdc.var"
    Type="File"
    LastWriteTime="132893237208269882"
    Private="false" />
  <Object
    Path="C:\Users\admin\Desktop\kvbo-04-21\prak1\Logical\Libraries\Acp10sdc\acp10sdc.typ"
    LogicalPath="Libraries.Acp10sdc.acp10sdc.typ"
    Type="File"
    LastWriteTime="132893237208269882"
    Private="false" />
  <Object
    Path="C:\Users\admin\Desktop\kvbo-04-21\prak1\Logical\Libraries\AsBrStr\binary.lby"
    LogicalPath="Libraries.AsBrStr"
    Type="Library"
    LastWriteTime="132893237217449185" />
  <Object
    Path="C:\Users\admin\Desktop\kvbo-04-21\prak1\Logical\Libraries\AsBrStr\AsBrStr.fun"
    LogicalPath="Libraries.AsBrStr.AsBrStr.fun"
    Type="File"
    LastWriteTime="132893237217292982"
    Private="false" />
  <Object
    Path="C:\Users\admin\Desktop\kvbo-04-21\prak1\Logical\Libraries\AsBrStr\AsBrStr.typ"
    LogicalPath="Libraries.AsBrStr.AsBrStr.typ"
    Type="File"
    LastWriteTime="132893237217449185"
    Private="false" />
  <Object
    Path="C:\Users\admin\Desktop\kvbo-04-21\prak1\Logical\Libraries\AsBrStr\AsBrStr.var"
    LogicalPath="Libraries.AsBrStr.AsBrStr.var"
    Type="File"
    LastWriteTime="132893237217449185"
    Private="false" />
  <Object
    Path="C:\Users\admin\Desktop\kvbo-04-21\prak1\Logical\acp10etxen\Ett.dob"
    LogicalPath="acp10etxen"
    Type="DataObject"
    LastWriteTime="132893237200805912" />
  <Object
    Path="C:\Users\admin\Desktop\kvbo-04-21\prak1\Logical\acp10etxen\acp10etxen.ett"
    LogicalPath="acp10etxen.acp10etxen.ett"
    Type="File"
    LastWriteTime="132893237201652094"
    Private="false" />
  <Object
    Path="C:\Users\admin\Desktop\kvbo-04-21\prak1\Logical\Program\ANSIC.prg"
    LogicalPath="Program"
    Type="Program"
    LastWriteTime="132893287142145660" />
  <Object
    Path="C:\Users\admin\Desktop\kvbo-04-21\prak1\Logical\Program\Main.c"
    LogicalPath="Program.Main.c"
    Type="File"
    LastWriteTime="132905284450621736"
    Private="false" />
  <Object
    Path="C:\Users\admin\Desktop\kvbo-04-21\prak1\Logical\Program\Types.typ"
    LogicalPath="Program.Types.typ"
    Type="File"
    LastWriteTime="132893287142145660"
    Private="true" />
  <Object
    Path="C:\Users\admin\Desktop\kvbo-04-21\prak1\Logical\Program\Variables.var"
    LogicalPath="Program.Variables.var"
    Type="File"
    LastWriteTime="132893295415819926"
    Private="true" />
  <Object
    Path="C:\Users\admin\Desktop\kvbo-04-21\prak1\Physical\Config1\Config.pkg"
    LogicalPath="Config1"
    Type="Configuration.ParentUnknown"
    LastWriteTime="132893215383273797" />
  <Object
    Path="C:\Users\admin\Desktop\kvbo-04-21\prak1\Physical\Config1\Hardware.hw"
    LogicalPath="Config1.Hardware.hw"
    Type="File"
    LastWriteTime="132905301707427213"
    Private="false" />
  <Object
    Path="C:\Users\admin\Desktop\kvbo-04-21\prak1\Physical\Config1\Hardware.hwl"
    LogicalPath="Config1.Hardware.hwl"
    Type="File"
    LastWriteTime="132893284761730915"
    Private="false" />
  <Object
    Path="C:\Users\admin\Desktop\kvbo-04-21\prak1\Physical\Config1\4PP065_0571_P74\Cpu.pkg"
    LogicalPath="Config1.4PP065_0571_P74"
    Type="Cpu"
    LastWriteTime="132893284129819223" />
  <Object
    Path="C:\Users\admin\Desktop\kvbo-04-21\prak1\Physical\Config1\4PP065_0571_P74\Cpu.sw"
    LogicalPath="Config1.4PP065_0571_P74.Cpu.sw"
    Type="File"
    LastWriteTime="132893287145419934"
    Private="false" />
  <Object
    Path="C:\Users\admin\Desktop\kvbo-04-21\prak1\Physical\Config1\4PP065_0571_P74\Cpu.per"
    LogicalPath="Config1.4PP065_0571_P74.Cpu.per"
    Type="File"
    LastWriteTime="132893215356601468"
    Private="false" />
  <Object
    Path="C:\Users\admin\Desktop\kvbo-04-21\prak1\Physical\Config1\4PP065_0571_P74\IoMap.iom"
    LogicalPath="Config1.4PP065_0571_P74.IoMap.iom"
    Type="File"
    LastWriteTime="132893292837141833"
    Private="false" />
  <Object
    Path="C:\Users\admin\Desktop\kvbo-04-21\prak1\Physical\Config1\4PP065_0571_P74\PvMap.vvm"
    LogicalPath="Config1.4PP065_0571_P74.PvMap.vvm"
    Type="File"
    LastWriteTime="132893215356757400"
    Private="false" />
  <Object
    Path="C:\Users\admin\Desktop\kvbo-04-21\prak1\Physical\Config1\4PP065_0571_P74\Connectivity\Package.pkg"
    LogicalPath="Config1.4PP065_0571_P74.Connectivity"
    Type="Package"
    LastWriteTime="132893215356913619" />
  <Object
    Path="C:\Users\admin\Desktop\kvbo-04-21\prak1\Physical\Config1\4PP065_0571_P74\Connectivity\OpcUA\Package.pkg"
    LogicalPath="Config1.4PP065_0571_P74.Connectivity.OpcUA"
    Type="Package"
    LastWriteTime="132893215356913619" />
  <Object
    Path="C:\Users\admin\Desktop\kvbo-04-21\prak1\Physical\Config1\4PP065_0571_P74\TextSystem\Package.pkg"
    LogicalPath="Config1.4PP065_0571_P74.TextSystem"
    Type="Package"
    LastWriteTime="132893215357069840" />
  <Object
    Path="C:\Users\admin\Desktop\kvbo-04-21\prak1\Physical\Config1\4PP065_0571_P74\UnitSystem\Package.pkg"
    LogicalPath="Config1.4PP065_0571_P74.UnitSystem"
    Type="Package"
    LastWriteTime="132893215357134915" />
  <Object
    Path="C:\Users\admin\Desktop\kvbo-04-21\prak1\Physical\Config1\4PP065_0571_P74\AccessAndSecurity\Package.pkg"
    LogicalPath="Config1.4PP065_0571_P74.AccessAndSecurity"
    Type="Package"
    LastWriteTime="132893215357759833" />
  <Object
    Path="C:\Users\admin\Desktop\kvbo-04-21\prak1\Physical\Config1\4PP065_0571_P74\AccessAndSecurity\UserRoleSystem\Package.pkg"
    LogicalPath="Config1.4PP065_0571_P74.AccessAndSecurity.UserRoleSystem"
    Type="Package"
    LastWriteTime="132893215357291191" />
  <Object
    Path="C:\Users\admin\Desktop\kvbo-04-21\prak1\Physical\Config1\4PP065_0571_P74\AccessAndSecurity\UserRoleSystem\Role.role"
    LogicalPath="Config1.4PP065_0571_P74.AccessAndSecurity.UserRoleSystem.Role.role"
    Type="File"
    LastWriteTime="132893215357291191"
    Private="false" />
  <Object
    Path="C:\Users\admin\Desktop\kvbo-04-21\prak1\Physical\Config1\4PP065_0571_P74\AccessAndSecurity\UserRoleSystem\User.user"
    LogicalPath="Config1.4PP065_0571_P74.AccessAndSecurity.UserRoleSystem.User.user"
    Type="File"
    LastWriteTime="132893215357291191"
    Private="false" />
  <Object
    Path="C:\Users\admin\Desktop\kvbo-04-21\prak1\Physical\Config1\4PP065_0571_P74\AccessAndSecurity\CertificateStore\Package.pkg"
    LogicalPath="Config1.4PP065_0571_P74.AccessAndSecurity.CertificateStore"
    Type="Package"
    LastWriteTime="132893215357603625" />
  <Object
    Path="C:\Users\admin\Desktop\kvbo-04-21\prak1\Physical\Config1\4PP065_0571_P74\AccessAndSecurity\CertificateStore\OwnCertificates\Package.pkg"
    LogicalPath="Config1.4PP065_0571_P74.AccessAndSecurity.CertificateStore.OwnCertificates"
    Type="Package"
    LastWriteTime="132893215357447401" />
  <Object
    Path="C:\Users\admin\Desktop\kvbo-04-21\prak1\Physical\Config1\4PP065_0571_P74\AccessAndSecurity\CertificateStore\OwnCertificates\Certificates\Package.pkg"
    LogicalPath="Config1.4PP065_0571_P74.AccessAndSecurity.CertificateStore.OwnCertificates.Certificates"
    Type="Package"
    LastWriteTime="132893215357447401" />
  <Object
    Path="C:\Users\admin\Desktop\kvbo-04-21\prak1\Physical\Config1\4PP065_0571_P74\AccessAndSecurity\CertificateStore\OwnCertificates\PrivateKeys\Package.pkg"
    LogicalPath="Config1.4PP065_0571_P74.AccessAndSecurity.CertificateStore.OwnCertificates.PrivateKeys"
    Type="Package"
    LastWriteTime="132893215357447401" />
  <Object
    Path="C:\Users\admin\Desktop\kvbo-04-21\prak1\Physical\Config1\4PP065_0571_P74\AccessAndSecurity\CertificateStore\ThirdPartyCertificates\Package.pkg"
    LogicalPath="Config1.4PP065_0571_P74.AccessAndSecurity.CertificateStore.ThirdPartyCertificates"
    Type="Package"
    LastWriteTime="132893215357603625" />
  <Object
    Path="C:\Users\admin\Desktop\kvbo-04-21\prak1\Physical\Config1\4PP065_0571_P74\AccessAndSecurity\CertificateStore\ThirdPartyCertificates\SoftwareCertificates\Package.pkg"
    LogicalPath="Config1.4PP065_0571_P74.AccessAndSecurity.CertificateStore.ThirdPartyCertificates.SoftwareCertificates"
    Type="Package"
    LastWriteTime="132893215357603625" />
  <Object
    Path="C:\Users\admin\Desktop\kvbo-04-21\prak1\Physical\Config1\4PP065_0571_P74\AccessAndSecurity\CertificateStore\CertificateRevocationLists\Package.pkg"
    LogicalPath="Config1.4PP065_0571_P74.AccessAndSecurity.CertificateStore.CertificateRevocationLists"
    Type="Package"
    LastWriteTime="132893215357603625" />
  <Object
    Path="C:\Users\admin\Desktop\kvbo-04-21\prak1\Physical\Config1\4PP065_0571_P74\AccessAndSecurity\CertificateStore\CertificateSigningRequests\Package.pkg"
    LogicalPath="Config1.4PP065_0571_P74.AccessAndSecurity.CertificateStore.CertificateSigningRequests"
    Type="Package"
    LastWriteTime="132893215357603625" />
  <Object
    Path="C:\Users\admin\Desktop\kvbo-04-21\prak1\Physical\Config1\4PP065_0571_P74\AccessAndSecurity\TransportLayerSecurity\Package.pkg"
    LogicalPath="Config1.4PP065_0571_P74.AccessAndSecurity.TransportLayerSecurity"
    Type="Package"
    LastWriteTime="132893215357759833" />
  <Object
    Path="C:\Users\admin\Desktop\kvbo-04-21\prak1\Physical\Config1\4PP065_0571_P74\mappControl\Package.pkg"
    LogicalPath="Config1.4PP065_0571_P74.mappControl"
    Type="Package"
    LastWriteTime="132893215357759833" />
  <Object
    Path="C:\Users\admin\Desktop\kvbo-04-21\prak1\Physical\Config1\4PP065_0571_P74\mappMotion\Package.pkg"
    LogicalPath="Config1.4PP065_0571_P74.mappMotion"
    Type="Package"
    LastWriteTime="132893215357916049" />
  <Object
    Path="C:\Users\admin\Desktop\kvbo-04-21\prak1\Physical\Config1\4PP065_0571_P74\mappServices\Package.pkg"
    LogicalPath="Config1.4PP065_0571_P74.mappServices"
    Type="Package"
    LastWriteTime="132893215357916049" />
  <Object
    Path="C:\Users\admin\Desktop\kvbo-04-21\prak1\Physical\Config1\4PP065_0571_P74\mappView\Package.pkg"
    LogicalPath="Config1.4PP065_0571_P74.mappView"
    Type="Package"
    LastWriteTime="132893215358072256" />
  <Object
    Path="C:\Users\admin\Desktop\kvbo-04-21\prak1\Physical\Config1\4PP065_0571_P74\mappCockpit\Package.pkg"
    LogicalPath="Config1.4PP065_0571_P74.mappCockpit"
    Type="Package"
    LastWriteTime="132893215358137324" />
  <Object
    Path="C:\Users\admin\Desktop\kvbo-04-21\prak1\Physical\Config1\4PP065_0571_P74\Motion\Package.pkg"
    LogicalPath="Config1.4PP065_0571_P74.Motion"
    Type="Package"
    LastWriteTime="132893237094449516" />
  <Object
    Path="C:\Users\admin\Desktop\kvbo-04-21\prak1\Physical\Config1\4PP065_0571_P74\Motion\Acp10map.ncm"
    LogicalPath="Config1.4PP065_0571_P74.Motion.Acp10map.ncm"
    Type="File"
    LastWriteTime="132893237367311585"
    Private="false" />
  <Object
    Path="C:\Users\admin\Desktop\kvbo-04-21\prak1\Physical\Config1\4PP065_0571_P74\Motion\Acp10cfg.ncc"
    LogicalPath="Config1.4PP065_0571_P74.Motion.Acp10cfg.ncc"
    Type="File"
    LastWriteTime="132893237200650041"
    Private="false" />
  <Object
    Path="C:\Users\admin\Desktop\kvbo-04-21\prak1\Physical\Config1\4PP065_0571_P74\Motion\Acp10sys.br"
    LogicalPath="Config1.4PP065_0571_P74.Motion.Acp10sys.br"
    Type="File"
    LastWriteTime="132893237095295701"
    Private="false" />
  <Object
    Path="C:\Users\admin\Desktop\kvbo-04-21\prak1\Physical\Config1\Hardware.jpg"
    LogicalPath="Config1.Hardware.jpg"
    Type="File"
    LastWriteTime="132905303155185910"
    Private="false" />
</Objects>